python : Traceback (most recent call last):
At line:1 char:86
+ ... _11\backend"; python test_structure.py > test_output.txt 2>&1; Get-Co ...
+                   ~~~~~~~~~~~~~~~~~~~~~~~~~~~~~~~~~~~~~~~~~~~~~~~
    + CategoryInfo          : NotSpecified: (Traceback (most recent call last)::String) [], Remot 
   eException
    + FullyQualifiedErrorId : NativeCommandError
 
  File "C:\Users\raghavendra.thummala\Desktop\projects\TAO 
SDLC\TAO_SDLC_25_11\backend\test_structure.py", line 7, in <module>
    response = client.post('/api/phases/generate/2/epics-and-stories')
               ^^^^^^^^^^^^^^^^^^^^^^^^^^^^^^^^^^^^^^^^^^^^^^^^^^^^^^^
  File "C:\Users\raghavendra.thummala\AppData\Local\Packages\PythonSoftwareFoundation.Python.3.11_
qbz5n2kfra8p0\LocalCache\local-packages\Python311\site-packages\starlette\testclient.py", line 
546, in post
    return super().post(
           ^^^^^^^^^^^^^
  File "C:\Users\raghavendra.thummala\AppData\Local\Packages\PythonSoftwareFoundation.Python.3.11_
qbz5n2kfra8p0\LocalCache\local-packages\Python311\site-packages\httpx\_client.py", line 1146, in 
post
    return self.request(
           ^^^^^^^^^^^^^
  File "C:\Users\raghavendra.thummala\AppData\Local\Packages\PythonSoftwareFoundation.Python.3.11_
qbz5n2kfra8p0\LocalCache\local-packages\Python311\site-packages\starlette\testclient.py", line 
445, in request
    return super().request(
           ^^^^^^^^^^^^^^^^
  File "C:\Users\raghavendra.thummala\AppData\Local\Packages\PythonSoftwareFoundation.Python.3.11_
qbz5n2kfra8p0\LocalCache\local-packages\Python311\site-packages\httpx\_client.py", line 828, in 
request
    return self.send(request, auth=auth, follow_redirects=follow_redirects)
           ^^^^^^^^^^^^^^^^^^^^^^^^^^^^^^^^^^^^^^^^^^^^^^^^^^^^^^^^^^^^^^^^
  File "C:\Users\raghavendra.thummala\AppData\Local\Packages\PythonSoftwareFoundation.Python.3.11_
qbz5n2kfra8p0\LocalCache\local-packages\Python311\site-packages\httpx\_client.py", line 915, in 
send
    response = self._send_handling_auth(
               ^^^^^^^^^^^^^^^^^^^^^^^^^
  File "C:\Users\raghavendra.thummala\AppData\Local\Packages\PythonSoftwareFoundation.Python.3.11_
qbz5n2kfra8p0\LocalCache\local-packages\Python311\site-packages\httpx\_client.py", line 943, in 
_send_handling_auth
    response = self._send_handling_redirects(
               ^^^^^^^^^^^^^^^^^^^^^^^^^^^^^^
  File "C:\Users\raghavendra.thummala\AppData\Local\Packages\PythonSoftwareFoundation.Python.3.11_
qbz5n2kfra8p0\LocalCache\local-packages\Python311\site-packages\httpx\_client.py", line 980, in 
_send_handling_redirects
    response = self._send_single_request(request)
               ^^^^^^^^^^^^^^^^^^^^^^^^^^^^^^^^^^
  File "C:\Users\raghavendra.thummala\AppData\Local\Packages\PythonSoftwareFoundation.Python.3.11_
qbz5n2kfra8p0\LocalCache\local-packages\Python311\site-packages\httpx\_client.py", line 1016, in 
_send_single_request
    response = transport.handle_request(request)
               ^^^^^^^^^^^^^^^^^^^^^^^^^^^^^^^^^
  File "C:\Users\raghavendra.thummala\AppData\Local\Packages\PythonSoftwareFoundation.Python.3.11_
qbz5n2kfra8p0\LocalCache\local-packages\Python311\site-packages\starlette\testclient.py", line 
348, in handle_request
    raise exc
  File "C:\Users\raghavendra.thummala\AppData\Local\Packages\PythonSoftwareFoundation.Python.3.11_
qbz5n2kfra8p0\LocalCache\local-packages\Python311\site-packages\starlette\testclient.py", line 
345, in handle_request
    portal.call(self.app, scope, receive, send)
  File "C:\Users\raghavendra.thummala\AppData\Local\Packages\PythonSoftwareFoundation.Python.3.11_
qbz5n2kfra8p0\LocalCache\local-packages\Python311\site-packages\anyio\from_thread.py", line 321, 
in call
    return cast(T_Retval, self.start_task_soon(func, *args).result())
                          ^^^^^^^^^^^^^^^^^^^^^^^^^^^^^^^^^^^^^^^^^^
  File "C:\Program Files\WindowsApps\PythonSoftwareFoundation.Python.3.11_3.11.2544.0_x64__qbz5n2k
fra8p0\Lib\concurrent\futures\_base.py", line 456, in result
    return self.__get_result()
           ^^^^^^^^^^^^^^^^^^^
  File "C:\Program Files\WindowsApps\PythonSoftwareFoundation.Python.3.11_3.11.2544.0_x64__qbz5n2k
fra8p0\Lib\concurrent\futures\_base.py", line 401, in __get_result
    raise self._exception
  File "C:\Users\raghavendra.thummala\AppData\Local\Packages\PythonSoftwareFoundation.Python.3.11_
qbz5n2kfra8p0\LocalCache\local-packages\Python311\site-packages\anyio\from_thread.py", line 252, 
in _call_func
    retval = await retval_or_awaitable
             ^^^^^^^^^^^^^^^^^^^^^^^^^
  File "C:\Users\raghavendra.thummala\AppData\Local\Packages\PythonSoftwareFoundation.Python.3.11_
qbz5n2kfra8p0\LocalCache\local-packages\Python311\site-packages\fastapi\applications.py", line 
1134, in __call__
    await super().__call__(scope, receive, send)
  File "C:\Users\raghavendra.thummala\AppData\Local\Packages\PythonSoftwareFoundation.Python.3.11_
qbz5n2kfra8p0\LocalCache\local-packages\Python311\site-packages\starlette\applications.py", line 
107, in __call__
    await self.middleware_stack(scope, receive, send)
  File "C:\Users\raghavendra.thummala\AppData\Local\Packages\PythonSoftwareFoundation.Python.3.11_
qbz5n2kfra8p0\LocalCache\local-packages\Python311\site-packages\starlette\middleware\errors.py", 
line 186, in __call__
    raise exc
  File "C:\Users\raghavendra.thummala\AppData\Local\Packages\PythonSoftwareFoundation.Python.3.11_
qbz5n2kfra8p0\LocalCache\local-packages\Python311\site-packages\starlette\middleware\errors.py", 
line 164, in __call__
    await self.app(scope, receive, _send)
  File "C:\Users\raghavendra.thummala\AppData\Local\Packages\PythonSoftwareFoundation.Python.3.11_
qbz5n2kfra8p0\LocalCache\local-packages\Python311\site-packages\starlette\middleware\cors.py", 
line 85, in __call__
    await self.app(scope, receive, send)
  File "C:\Users\raghavendra.thummala\AppData\Local\Packages\PythonSoftwareFoundation.Python.3.11_
qbz5n2kfra8p0\LocalCache\local-packages\Python311\site-packages\starlette\middleware\exceptions.py
", line 63, in __call__
    await wrap_app_handling_exceptions(self.app, conn)(scope, receive, send)
  File "C:\Users\raghavendra.thummala\AppData\Local\Packages\PythonSoftwareFoundation.Python.3.11_
qbz5n2kfra8p0\LocalCache\local-packages\Python311\site-packages\starlette\_exception_handler.py", 
line 53, in wrapped_app
    raise exc
  File "C:\Users\raghavendra.thummala\AppData\Local\Packages\PythonSoftwareFoundation.Python.3.11_
qbz5n2kfra8p0\LocalCache\local-packages\Python311\site-packages\starlette\_exception_handler.py", 
line 42, in wrapped_app
    await app(scope, receive, sender)
  File "C:\Users\raghavendra.thummala\AppData\Local\Packages\PythonSoftwareFoundation.Python.3.11_
qbz5n2kfra8p0\LocalCache\local-packages\Python311\site-packages\fastapi\middleware\asyncexitstack.
py", line 18, in __call__
    await self.app(scope, receive, send)
  File "C:\Users\raghavendra.thummala\AppData\Local\Packages\PythonSoftwareFoundation.Python.3.11_
qbz5n2kfra8p0\LocalCache\local-packages\Python311\site-packages\starlette\routing.py", line 716, 
in __call__
    await self.middleware_stack(scope, receive, send)
  File "C:\Users\raghavendra.thummala\AppData\Local\Packages\PythonSoftwareFoundation.Python.3.11_
qbz5n2kfra8p0\LocalCache\local-packages\Python311\site-packages\starlette\routing.py", line 736, 
in app
    await route.handle(scope, receive, send)
  File "C:\Users\raghavendra.thummala\AppData\Local\Packages\PythonSoftwareFoundation.Python.3.11_
qbz5n2kfra8p0\LocalCache\local-packages\Python311\site-packages\starlette\routing.py", line 290, 
in handle
    await self.app(scope, receive, send)
  File "C:\Users\raghavendra.thummala\AppData\Local\Packages\PythonSoftwareFoundation.Python.3.11_
qbz5n2kfra8p0\LocalCache\local-packages\Python311\site-packages\fastapi\routing.py", line 125, in 
app
    await wrap_app_handling_exceptions(app, request)(scope, receive, send)
  File "C:\Users\raghavendra.thummala\AppData\Local\Packages\PythonSoftwareFoundation.Python.3.11_
qbz5n2kfra8p0\LocalCache\local-packages\Python311\site-packages\starlette\_exception_handler.py", 
line 53, in wrapped_app
    raise exc
  File "C:\Users\raghavendra.thummala\AppData\Local\Packages\PythonSoftwareFoundation.Python.3.11_
qbz5n2kfra8p0\LocalCache\local-packages\Python311\site-packages\starlette\_exception_handler.py", 
line 42, in wrapped_app
    await app(scope, receive, sender)
  File "C:\Users\raghavendra.thummala\AppData\Local\Packages\PythonSoftwareFoundation.Python.3.11_
qbz5n2kfra8p0\LocalCache\local-packages\Python311\site-packages\fastapi\routing.py", line 111, in 
app
    response = await f(request)
               ^^^^^^^^^^^^^^^^
  File "C:\Users\raghavendra.thummala\AppData\Local\Packages\PythonSoftwareFoundation.Python.3.11_
qbz5n2kfra8p0\LocalCache\local-packages\Python311\site-packages\fastapi\routing.py", line 391, in 
app
    raw_response = await run_endpoint_function(
                   ^^^^^^^^^^^^^^^^^^^^^^^^^^^^
  File "C:\Users\raghavendra.thummala\AppData\Local\Packages\PythonSoftwareFoundation.Python.3.11_
qbz5n2kfra8p0\LocalCache\local-packages\Python311\site-packages\fastapi\routing.py", line 290, in 
run_endpoint_function
    return await dependant.call(**values)
           ^^^^^^^^^^^^^^^^^^^^^^^^^^^^^^
  File "C:\Users\raghavendra.thummala\Desktop\projects\TAO 
SDLC\TAO_SDLC_25_11\backend\app\routers\phases.py", line 110, in generate_epics_and_stories
    print(f"\n\U0001f680 [PHASE2] Starting epic generation for project_id={project_id}")
  File "C:\Program Files\WindowsApps\PythonSoftwareFoundation.Python.3.11_3.11.2544.0_x64__qbz5n2k
fra8p0\Lib\encodings\cp1252.py", line 19, in encode
    return codecs.charmap_encode(input,self.errors,encoding_table)[0]
           ^^^^^^^^^^^^^^^^^^^^^^^^^^^^^^^^^^^^^^^^^^^^^^^^^^^^^^^
UnicodeEncodeError: 'charmap' codec can't encode character '\U0001f680' in position 2: character 
maps to <undefined>
